
> cafeteria-v2-app@1.0.0 build /home/ubuntu/cafeteria_v6
> vite build && esbuild server/_core/index.ts --platform=node --packages=external --bundle --format=esm --outdir=dist

vite v5.4.20 building for production...
(!) %VITE_ANALYTICS_ENDPOINT% is not defined in env variables found in /index.html. Is the variable mistyped?
(!) %VITE_ANALYTICS_WEBSITE_ID% is not defined in env variables found in /index.html. Is the variable mistyped?
<script src="%VITE_ANALYTICS_ENDPOINT%/umami"> in "/index.html" can't be bundled without type="module" attribute
transforming...
[baseline-browser-mapping] The data in this module is over two months old.  To ensure accurate Baseline data, please update: `npm i baseline-browser-mapping@latest -D`
✓ 5898 modules transformed.
rendering chunks...
computing gzip size...
../dist/client/index.html                                           0.98 kB │ gzip:   0.54 kB
../dist/client/assets/KaTeX_Size3-Regular-CTq5MqoE.woff             4.42 kB
../dist/client/assets/KaTeX_Size4-Regular-Dl5lxZxV.woff2            4.93 kB
../dist/client/assets/KaTeX_Size2-Regular-Dy4dx90m.woff2            5.21 kB
../dist/client/assets/KaTeX_Size1-Regular-mCD8mA8B.woff2            5.47 kB
../dist/client/assets/KaTeX_Size4-Regular-BF-4gkZK.woff             5.98 kB
../dist/client/assets/KaTeX_Size2-Regular-oD1tc_U0.woff             6.19 kB
../dist/client/assets/KaTeX_Size1-Regular-C195tn64.woff             6.50 kB
../dist/client/assets/KaTeX_Caligraphic-Regular-Di6jR-x-.woff2      6.91 kB
../dist/client/assets/KaTeX_Caligraphic-Bold-Dq_IR9rO.woff2         6.91 kB
../dist/client/assets/KaTeX_Size3-Regular-DgpXs0kz.ttf              7.59 kB
../dist/client/assets/KaTeX_Caligraphic-Regular-CTRA-rTL.woff       7.66 kB
../dist/client/assets/KaTeX_Caligraphic-Bold-BEiXGLvX.woff          7.72 kB
../dist/client/assets/KaTeX_Script-Regular-D3wIWfF6.woff2           9.64 kB
../dist/client/assets/KaTeX_SansSerif-Regular-DDBCnlJ7.woff2       10.34 kB
../dist/client/assets/KaTeX_Size4-Regular-DWFBv043.ttf             10.36 kB
../dist/client/assets/KaTeX_Script-Regular-D5yQViql.woff           10.59 kB
../dist/client/assets/KaTeX_Fraktur-Regular-CTYiF6lA.woff2         11.32 kB
../dist/client/assets/KaTeX_Fraktur-Bold-CL6g_b3V.woff2            11.35 kB
../dist/client/assets/KaTeX_Size2-Regular-B7gKUWhC.ttf             11.51 kB
../dist/client/assets/KaTeX_SansSerif-Italic-C3H0VqGB.woff2        12.03 kB
../dist/client/assets/KaTeX_SansSerif-Bold-D1sUS0GD.woff2          12.22 kB
../dist/client/assets/KaTeX_Size1-Regular-Dbsnue_I.ttf             12.23 kB
../dist/client/assets/KaTeX_SansSerif-Regular-CS6fqUqJ.woff        12.32 kB
../dist/client/assets/KaTeX_Caligraphic-Regular-wX97UBjC.ttf       12.34 kB
../dist/client/assets/KaTeX_Caligraphic-Bold-ATXxdsX0.ttf          12.37 kB
../dist/client/assets/KaTeX_Fraktur-Regular-Dxdc4cR9.woff          13.21 kB
../dist/client/assets/KaTeX_Fraktur-Bold-BsDP51OF.woff             13.30 kB
../dist/client/assets/KaTeX_Typewriter-Regular-CO6r4hn1.woff2      13.57 kB
../dist/client/assets/KaTeX_SansSerif-Italic-DN2j7dab.woff         14.11 kB
../dist/client/assets/KaTeX_SansSerif-Bold-DbIhKOiC.woff           14.41 kB
../dist/client/assets/KaTeX_Typewriter-Regular-C0xS9mPB.woff       16.03 kB
../dist/client/assets/KaTeX_Math-BoldItalic-CZnvNsCZ.woff2         16.40 kB
../dist/client/assets/KaTeX_Math-Italic-t53AETM-.woff2             16.44 kB
../dist/client/assets/KaTeX_Script-Regular-C5JkGWo-.ttf            16.65 kB
../dist/client/assets/KaTeX_Main-BoldItalic-DxDJ3AOS.woff2         16.78 kB
../dist/client/assets/KaTeX_Main-Italic-NWA7e6Wa.woff2             16.99 kB
../dist/client/assets/KaTeX_Math-BoldItalic-iY-2wyZ7.woff          18.67 kB
../dist/client/assets/KaTeX_Math-Italic-DA0__PXp.woff              18.75 kB
../dist/client/assets/KaTeX_Main-BoldItalic-SpSLRI95.woff          19.41 kB
../dist/client/assets/KaTeX_SansSerif-Regular-BNo7hRIc.ttf         19.44 kB
../dist/client/assets/KaTeX_Fraktur-Regular-CB_wures.ttf           19.57 kB
../dist/client/assets/KaTeX_Fraktur-Bold-BdnERNNW.ttf              19.58 kB
../dist/client/assets/KaTeX_Main-Italic-BMLOBm91.woff              19.68 kB
../dist/client/assets/KaTeX_SansSerif-Italic-YYjJ1zSn.ttf          22.36 kB
../dist/client/assets/KaTeX_SansSerif-Bold-CFMepnvq.ttf            24.50 kB
../dist/client/assets/KaTeX_Main-Bold-Cx986IdX.woff2               25.32 kB
../dist/client/assets/KaTeX_Main-Regular-B22Nviop.woff2            26.27 kB
../dist/client/assets/KaTeX_Typewriter-Regular-D3Ib7_Hf.ttf        27.56 kB
../dist/client/assets/KaTeX_AMS-Regular-BQhdFMY1.woff2             28.08 kB
../dist/client/assets/KaTeX_Main-Bold-Jm3AIy58.woff                29.91 kB
../dist/client/assets/KaTeX_Main-Regular-Dr94JaBh.woff             30.77 kB
../dist/client/assets/KaTeX_Math-BoldItalic-B3XSjfu4.ttf           31.20 kB
../dist/client/assets/KaTeX_Math-Italic-flOr_0UB.ttf               31.31 kB
../dist/client/assets/KaTeX_Main-BoldItalic-DzxPMmG6.ttf           32.97 kB
../dist/client/assets/KaTeX_AMS-Regular-DMm9YOAa.woff              33.52 kB
../dist/client/assets/KaTeX_Main-Italic-3WenGoN9.ttf               33.58 kB
../dist/client/assets/KaTeX_Main-Bold-waoOVXN0.ttf                 51.34 kB
../dist/client/assets/KaTeX_Main-Regular-ypZvNtVU.ttf              53.58 kB
../dist/client/assets/KaTeX_AMS-Regular-DRggAlZN.ttf               63.63 kB
../dist/client/assets/main-DDp2wW7Z.css                           129.64 kB │ gzip:  24.82 kB
../dist/client/assets/clone-ErNBSFBJ.js                             0.10 kB │ gzip:   0.11 kB
../dist/client/assets/channel-BGrSpVC5.js                           0.11 kB │ gzip:   0.13 kB
../dist/client/assets/init-Gi6I4Gst.js                              0.15 kB │ gzip:   0.13 kB
../dist/client/assets/chunk-QZHKN3VN-iX6UK1bu.js                    0.19 kB │ gzip:   0.16 kB
../dist/client/assets/chunk-55IACEB6-B2jOANvA.js                    0.24 kB │ gzip:   0.21 kB
../dist/client/assets/chunk-4BX2VUAB-BjjMza3E.js                    0.30 kB │ gzip:   0.21 kB
../dist/client/assets/chunk-FMBD7UC4-eWXBL7WW.js                    0.37 kB │ gzip:   0.27 kB
../dist/client/assets/stateDiagram-v2-4FDKWEC3-CUepNmHq.js          0.39 kB │ gzip:   0.28 kB
../dist/client/assets/classDiagram-2ON5EDUG-bvV_UkQB.js             0.43 kB │ gzip:   0.30 kB
../dist/client/assets/classDiagram-v2-WZHVMYZB-bvV_UkQB.js          0.43 kB │ gzip:   0.30 kB
../dist/client/assets/chunk-QN33PNHL-Cyoa4GdB.js                    0.53 kB │ gzip:   0.38 kB
../dist/client/assets/codeowners-Bp6g37R7.js                        0.55 kB │ gzip:   0.32 kB
../dist/client/assets/infoDiagram-F6ZHWCRC-B9PuEYXI.js              0.69 kB │ gzip:   0.46 kB
../dist/client/assets/shellsession-BADoaaVG.js                      0.71 kB │ gzip:   0.43 kB
../dist/client/assets/tsv-B_m7g4N7.js                               0.74 kB │ gzip:   0.34 kB
../dist/client/assets/html-derivative-BFtXZ54Q.js                   0.90 kB │ gzip:   0.50 kB
../dist/client/assets/git-rebase-r7XF79zn.js                        0.98 kB │ gzip:   0.44 kB
../dist/client/assets/qmldir-C8lEn-DE.js                            1.00 kB │ gzip:   0.45 kB
../dist/client/assets/fortran-fixed-form-BZjJHVRy.js                1.10 kB │ gzip:   0.54 kB
../dist/client/assets/csv-fuZLfV_i.js                               1.14 kB │ gzip:   0.37 kB
../dist/client/assets/ordinal-Cboi1Yqb.js                           1.19 kB │ gzip:   0.57 kB
../dist/client/assets/git-commit-F4YmCXRG.js                        1.23 kB │ gzip:   0.53 kB
../dist/client/assets/xsl-CtQFsRM5.js                               1.39 kB │ gzip:   0.52 kB
../dist/client/assets/chunk-TZMSLE5B-8_HtSWTV.js                    1.41 kB │ gzip:   0.63 kB
../dist/client/assets/dotenv-Da5cRb03.js                            1.42 kB │ gzip:   0.53 kB
../dist/client/assets/sparql-rVzFXLq3.js                            1.48 kB │ gzip:   0.82 kB
../dist/client/assets/ini-BEwlwnbL.js                               1.53 kB │ gzip:   0.50 kB
../dist/client/assets/wenyan-BV7otONQ.js                            1.65 kB │ gzip:   1.09 kB
../dist/client/assets/docker-BcOcwvcX.js                            1.74 kB │ gzip:   0.60 kB
../dist/client/assets/hxml-Bvhsp5Yf.js                              1.74 kB │ gzip:   0.88 kB
../dist/client/assets/desktop-BmXAJ9_W.js                           1.83 kB │ gzip:   0.76 kB
../dist/client/assets/jssm-C2t-YnRu.js                              2.24 kB │ gzip:   0.62 kB
../dist/client/assets/reg-C-SQnVFl.js                               2.35 kB │ gzip:   0.70 kB
../dist/client/assets/berry-D08WgyRC.js                             2.36 kB │ gzip:   0.76 kB
../dist/client/assets/edge-BkV0erSs.js                              2.36 kB │ gzip:   0.70 kB
../dist/client/assets/diff-D97Zzqfu.js                              2.57 kB │ gzip:   0.70 kB
../dist/client/assets/gleam-BspZqrRM.js                             2.58 kB │ gzip:   0.82 kB
../dist/client/assets/_basePickBy-B3tIbLGO.js                       2.59 kB │ gzip:   1.29 kB
../dist/client/assets/erb-BOJIQeun.js                               2.61 kB │ gzip:   0.84 kB
../dist/client/assets/hy-DFXneXwc.js                                2.64 kB │ gzip:   1.18 kB
../dist/client/assets/json-Cp-IABpG.js                              2.82 kB │ gzip:   0.78 kB
../dist/client/assets/log-2UxHyX5q.js                               2.85 kB │ gzip:   0.90 kB
../dist/client/assets/cairo-KRGpt6FW.js                             2.94 kB │ gzip:   0.81 kB
../dist/client/assets/jsonl-DcaNXYhu.js                             3.01 kB │ gzip:   0.79 kB
../dist/client/assets/jsonc-Des-eS-w.js                             3.11 kB │ gzip:   0.80 kB
../dist/client/assets/logo-BtOb2qkB.js                              3.13 kB │ gzip:   1.47 kB
../dist/client/assets/po-BTJTHyun.js                                3.24 kB │ gzip:   0.91 kB
../dist/client/assets/json5-C9tS-k6U.js                             3.25 kB │ gzip:   0.83 kB
../dist/client/assets/mipsasm-CKIfxQSi.js                           3.26 kB │ gzip:   1.18 kB
../dist/client/assets/tasl-QIJgUcNo.js                              3.29 kB │ gzip:   0.85 kB
../dist/client/assets/rel-C3B-1QV4.js                               3.35 kB │ gzip:   1.11 kB
../dist/client/assets/genie-D0YGMca9.js                             3.36 kB │ gzip:   1.21 kB
../dist/client/assets/vala-CsfeWuGM.js                              3.37 kB │ gzip:   1.19 kB
../dist/client/assets/arc-BIT7Q3dE.js                               3.42 kB │ gzip:   1.47 kB
../dist/client/assets/splunk-BtCnVYZw.js                            3.44 kB │ gzip:   1.52 kB
../dist/client/assets/fluent-C4IJs8-o.js                            3.61 kB │ gzip:   0.90 kB
../dist/client/assets/ssh-config-_ykCGR6B.js                        3.62 kB │ gzip:   1.60 kB
../dist/client/assets/jsonnet-DFQXde-d.js                           3.62 kB │ gzip:   1.05 kB
../dist/client/assets/kdl-DV7GczEv.js                               3.63 kB │ gzip:   1.04 kB
../dist/client/assets/glsl-DplSGwfg.js                              3.63 kB │ gzip:   1.41 kB
../dist/client/assets/hurl-irOxFIW8.js                              3.65 kB │ gzip:   1.16 kB
../dist/client/assets/narrat-DRg8JJMk.js                            3.67 kB │ gzip:   1.11 kB
../dist/client/assets/turtle-BsS91CYL.js                            3.70 kB │ gzip:   0.98 kB
../dist/client/assets/sdbl-DVxCFoDh.js                              3.83 kB │ gzip:   2.01 kB
../dist/client/assets/zenscript-DVFEvuxE.js                         3.91 kB │ gzip:   1.28 kB
../dist/client/assets/pascal-D93ZcfNL.js                            4.15 kB │ gzip:   1.67 kB
../dist/client/assets/nextflow-CUEJCptM.js                          4.16 kB │ gzip:   1.10 kB
../dist/client/assets/bicep-6nHXG8SA.js                             4.31 kB │ gzip:   1.08 kB
../dist/client/assets/diagram-S2PKOQOG-LnH6bcYO.js                  4.34 kB │ gzip:   1.90 kB
../dist/client/assets/tcl-dwOrl1Do.js                               4.43 kB │ gzip:   1.52 kB
../dist/client/assets/rosmsg-BJDFO7_C.js                            4.52 kB │ gzip:   1.06 kB
../dist/client/assets/defaultLocale-C4B-KCzX.js                     4.54 kB │ gzip:   2.13 kB
../dist/client/assets/http-jrhK8wxY.js                              4.55 kB │ gzip:   1.12 kB
../dist/client/assets/polar-C0HS_06l.js                             4.67 kB │ gzip:   1.12 kB
../dist/client/assets/fennel-BYunw83y.js                            4.77 kB │ gzip:   1.53 kB
../dist/client/assets/bibtex-CHM0blh-.js                            4.80 kB │ gzip:   0.83 kB
../dist/client/assets/llvm-BtvRca6l.js                              5.04 kB │ gzip:   2.01 kB
../dist/client/assets/wgsl-Dx-B1_4e.js                              5.14 kB │ gzip:   1.39 kB
../dist/client/assets/gdresource-B7Tvp0Sc.js                        5.26 kB │ gzip:   1.33 kB
../dist/client/assets/pieDiagram-ADFJNKIX-BChGeb4e.js               5.26 kB │ gzip:   2.34 kB
../dist/client/assets/qml-3beO22l8.js                               5.34 kB │ gzip:   1.38 kB
../dist/client/assets/zig-VOosw3JB.js                               5.34 kB │ gzip:   1.55 kB
../dist/client/assets/dax-CEL-wOlO.js                               5.37 kB │ gzip:   2.23 kB
../dist/client/assets/xml-sdJ4AIDG.js                               5.38 kB │ gzip:   1.21 kB
../dist/client/assets/awk-DMzUqQB5.js                               5.46 kB │ gzip:   1.38 kB
../dist/client/assets/coq-DkFqJrB1.js                               5.49 kB │ gzip:   1.92 kB
../dist/client/assets/linear-f3GZp0JE.js                            5.66 kB │ gzip:   2.31 kB
../dist/client/assets/jinja-4LBKfQ-Z.js                             5.69 kB │ gzip:   1.40 kB
../dist/client/assets/lean-DP1Csr6i.js                              5.84 kB │ gzip:   1.94 kB
../dist/client/assets/powerquery-CEu0bR-o.js                        5.90 kB │ gzip:   1.52 kB
../dist/client/assets/graph-BZgxgyyF.js                             5.92 kB │ gzip:   1.87 kB
../dist/client/assets/shaderlab-Dg9Lc6iA.js                         5.92 kB │ gzip:   2.08 kB
../dist/client/assets/verilog-BQ8w6xss.js                           5.93 kB │ gzip:   1.89 kB
../dist/client/assets/cypher-COkxafJQ.js                            5.96 kB │ gzip:   1.73 kB
../dist/client/assets/diagram-QEK2KX5R-BTjsyPbW.js                  6.06 kB │ gzip:   2.55 kB
../dist/client/assets/vb-D17OF-Vu.js                                6.09 kB │ gzip:   2.34 kB
../dist/client/assets/red-bN70gL4F.js                               6.26 kB │ gzip:   1.60 kB
../dist/client/assets/min-dark-CafNBF8u.js                          6.29 kB │ gzip:   1.71 kB
../dist/client/assets/gdshader-DkwncUOv.js                          6.33 kB │ gzip:   1.73 kB
../dist/client/assets/prisma-Dd19v3D-.js                            6.33 kB │ gzip:   1.39 kB
../dist/client/assets/ara-BRHolxvo.js                               6.36 kB │ gzip:   1.81 kB
../dist/client/assets/clojure-P80f7IUj.js                           6.41 kB │ gzip:   1.42 kB
../dist/client/assets/postcss-CXtECtnM.js                           6.42 kB │ gzip:   1.91 kB
../dist/client/assets/toml-vGWfd6FD.js                              6.43 kB │ gzip:   1.28 kB
../dist/client/assets/solarized-light-L9t79GZl.js                   6.48 kB │ gzip:   1.73 kB
../dist/client/assets/proto-DyJlTyXw.js                             6.52 kB │ gzip:   1.41 kB
../dist/client/assets/smalltalk-BERRCDM3.js                         6.59 kB │ gzip:   1.62 kB
../dist/client/assets/talonscript-CkByrt1z.js                       6.76 kB │ gzip:   1.49 kB
../dist/client/assets/solarized-dark-DXbdFlpD.js                    6.85 kB │ gzip:   1.80 kB
../dist/client/assets/riscv-BM1_JUlF.js                             6.91 kB │ gzip:   1.98 kB
../dist/client/assets/min-light-CTRr51gU.js                         6.97 kB │ gzip:   1.89 kB
../dist/client/assets/soy-Brmx7dQM.js                               6.98 kB │ gzip:   1.66 kB
../dist/client/assets/scheme-C98Dy4si.js                            7.17 kB │ gzip:   2.05 kB
../dist/client/assets/hlsl-D3lLCCz7.js                              7.26 kB │ gzip:   2.19 kB
../dist/client/assets/qss-IeuSbFQv.js                               7.47 kB │ gzip:   2.58 kB
../dist/client/assets/dart-CF10PKvl.js                              7.81 kB │ gzip:   1.91 kB
../dist/client/assets/systemd-4A_iFExJ.js                           7.87 kB │ gzip:   2.55 kB
../dist/client/assets/monokai-D4h5O-jR.js                           7.88 kB │ gzip:   1.91 kB
../dist/client/assets/regexp-CDVJQ6XC.js                            7.99 kB │ gzip:   1.42 kB
../dist/client/assets/haml-B8DHNrY2.js                              8.26 kB │ gzip:   1.81 kB
../dist/client/assets/typst-DHCkPAjA.js                             8.39 kB │ gzip:   1.67 kB
../dist/client/assets/plsql-ChMvpjG-.js                             8.51 kB │ gzip:   3.00 kB
../dist/client/assets/vue-html-DAAvJJDi.js                          8.67 kB │ gzip:   1.78 kB
../dist/client/assets/kotlin-BdnUsdx6.js                            8.79 kB │ gzip:   2.13 kB
../dist/client/assets/ts-tags-zn1MmPIZ.js                           8.95 kB │ gzip:   1.22 kB
../dist/client/assets/make-CHLpvVh8.js                              8.96 kB │ gzip:   1.77 kB
../dist/client/assets/andromeeda-C-Jbm3Hp.js                        8.98 kB │ gzip:   2.35 kB
../dist/client/assets/sas-cz2c8ADy.js                               9.06 kB │ gzip:   3.81 kB
../dist/client/assets/dark-plus-eOWES_5F.js                         9.10 kB │ gzip:   2.10 kB
../dist/client/assets/slack-dark-BthQWCQV.js                        9.12 kB │ gzip:   1.97 kB
../dist/client/assets/sass-Cj5Yp3dK.js                              9.29 kB │ gzip:   2.49 kB
../dist/client/assets/plastic-3e1v2bzS.js                           9.30 kB │ gzip:   1.98 kB
../dist/client/assets/slack-ochin-DqwNpetd.js                       9.43 kB │ gzip:   2.10 kB
../dist/client/assets/gherkin-DyxjwDmM.js                           9.54 kB │ gzip:   5.05 kB
../dist/client/assets/tex-Cppo0RY3.js                               9.65 kB │ gzip:   3.05 kB
../dist/client/assets/jison-wvAkD_A8.js                             9.68 kB │ gzip:   1.85 kB
../dist/client/assets/cmake-D1j8_8rp.js                             9.86 kB │ gzip:   3.37 kB
../dist/client/assets/light-plus-B7mTdjB0.js                        9.94 kB │ gzip:   2.27 kB
../dist/client/assets/hcl-BWvSN4gD.js                              10.05 kB │ gzip:   1.93 kB
../dist/client/assets/pkl-u5AG7uiY.js                              10.37 kB │ gzip:   1.38 kB
../dist/client/assets/beancount-k_qm7-4y.js                        10.37 kB │ gzip:   1.44 kB
../dist/client/assets/stateDiagram-FKZM4ZOC-DCrLE5re.js            10.39 kB │ gzip:   3.64 kB
../dist/client/assets/raku-DXvB9xmW.js                             10.46 kB │ gzip:   2.94 kB
../dist/client/assets/dream-maker-BtqSS_iP.js                      10.47 kB │ gzip:   2.25 kB
../dist/client/assets/yaml-Buea-lGh.js                             10.51 kB │ gzip:   2.27 kB
../dist/client/assets/rst-B0xPkSld.js                              10.67 kB │ gzip:   2.42 kB
../dist/client/assets/elm-DbKCFpqz.js                              10.97 kB │ gzip:   2.12 kB
../dist/client/assets/github-light-DAi9KRSo.js                     11.18 kB │ gzip:   2.51 kB
../dist/client/assets/dagre-6UL2VRFP-D-L5MNOS.js                   11.27 kB │ gzip:   4.20 kB
../dist/client/assets/prolog-CbFg5uaA.js                           11.36 kB │ gzip:   3.83 kB
../dist/client/assets/terraform-BETggiCN.js                        11.39 kB │ gzip:   2.51 kB
../dist/client/assets/github-dark-DHJKELXO.js                      11.41 kB │ gzip:   2.55 kB
../dist/client/assets/puppet-BMWR74SV.js                           11.44 kB │ gzip:   2.11 kB
../dist/client/assets/laserwave-DUszq2jm.js                        11.50 kB │ gzip:   2.58 kB
../dist/client/assets/_baseUniq-BtUCJT1x.js                        11.90 kB │ gzip:   4.66 kB
../dist/client/assets/wasm-MzD3tlZU.js                             12.01 kB │ gzip:   2.19 kB
../dist/client/assets/hjson-D5-asLiD.js                            12.05 kB │ gzip:   1.64 kB
../dist/client/assets/handlebars-BL8al0AC.js                       12.15 kB │ gzip:   2.38 kB
../dist/client/assets/apache-Pmp26Uib.js                           12.46 kB │ gzip:   3.72 kB
../dist/client/assets/vesper-DU1UobuO.js                           12.69 kB │ gzip:   1.97 kB
../dist/client/assets/bat-BkioyH1T.js                              12.89 kB │ gzip:   3.22 kB
../dist/client/assets/fish-BvzEVeQv.js                             13.04 kB │ gzip:   1.74 kB
../dist/client/assets/v-BcVCzyr7.js                                13.21 kB │ gzip:   2.74 kB
../dist/client/assets/vitesse-light-CVO1_9PV.js                    13.62 kB │ gzip:   3.04 kB
../dist/client/assets/aurora-x-D-2ljcwZ.js                         13.66 kB │ gzip:   2.28 kB
../dist/client/assets/vitesse-black-Bkuqu6BP.js                    13.68 kB │ gzip:   3.06 kB
../dist/client/assets/vitesse-dark-D0r3Knsf.js                     13.76 kB │ gzip:   3.06 kB
../dist/client/assets/luau-CXu1NL6O.js                             13.84 kB │ gzip:   3.13 kB
../dist/client/assets/pug-CGlum2m_.js                              13.84 kB │ gzip:   2.58 kB
../dist/client/assets/synthwave-84-CbfX1IO0.js                     14.04 kB │ gzip:   2.87 kB
../dist/client/assets/actionscript-3-CfeIJUat.js                   14.05 kB │ gzip:   2.58 kB
../dist/client/assets/github-light-default-D7oLnXFd.js             14.16 kB │ gzip:   3.04 kB
../dist/client/assets/clarity-D53aC0YG.js                          14.28 kB │ gzip:   2.46 kB
../dist/client/assets/github-light-high-contrast-BfjtVDDH.js       14.28 kB │ gzip:   3.02 kB
../dist/client/assets/github-dark-dimmed-DH5Ifo-i.js               14.43 kB │ gzip:   3.13 kB
../dist/client/assets/github-dark-default-Cuk6v7N8.js              14.44 kB │ gzip:   3.13 kB
../dist/client/assets/nix-BbRYJGeE.js                              14.57 kB │ gzip:   2.20 kB
../dist/client/assets/github-dark-high-contrast-E3gJ1_iC.js        14.60 kB │ gzip:   3.09 kB
../dist/client/assets/gnuplot-DdkO51Og.js                          14.78 kB │ gzip:   3.27 kB
../dist/client/assets/ayu-dark-Cv9koXgw.js                         14.95 kB │ gzip:   3.08 kB
../dist/client/assets/rust-B1yitclQ.js                             15.07 kB │ gzip:   2.72 kB
../dist/client/assets/kusto-BvAqAH-y.js                            15.17 kB │ gzip:   3.92 kB
../dist/client/assets/lua-BbnMAYS6.js                              15.21 kB │ gzip:   3.09 kB
../dist/client/assets/abap-BdImnpbu.js                             15.85 kB │ gzip:   5.91 kB
../dist/client/assets/diagram-PSM6KHXK-CLhdnsYN.js                 15.98 kB │ gzip:   5.71 kB
../dist/client/assets/matlab-D7o27uSR.js                           16.09 kB │ gzip:   3.06 kB
../dist/client/assets/cue-D82EKSYY.js                              16.20 kB │ gzip:   2.06 kB
../dist/client/assets/solidity-BbcW6ACK.js                         16.24 kB │ gzip:   3.12 kB
../dist/client/assets/elixir-CDX3lj18.js                           16.32 kB │ gzip:   2.80 kB
../dist/client/assets/kanagawa-wave-DWedfzmr.js                    17.12 kB │ gzip:   2.93 kB
../dist/client/assets/kanagawa-lotus-CfQXZHmo.js                   17.13 kB │ gzip:   2.93 kB
../dist/client/assets/kanagawa-dragon-CkXjmgJE.js                  17.13 kB │ gzip:   2.95 kB
../dist/client/assets/move-Bu9oaDYs.js                             17.33 kB │ gzip:   3.08 kB
../dist/client/assets/svelte-3Dk4HxPD.js                           17.81 kB │ gzip:   3.04 kB
../dist/client/assets/graphql-ChdNCCLP.js                          18.00 kB │ gzip:   2.52 kB
../dist/client/assets/liquid-DYVedYrR.js                           18.09 kB │ gzip:   3.16 kB
../dist/client/assets/material-theme-D5KoaKCx.js                   18.62 kB │ gzip:   3.11 kB
../dist/client/assets/material-theme-darker-BfHTSMKl.js            18.63 kB │ gzip:   3.11 kB
../dist/client/assets/material-theme-ocean-CyktbL80.js             18.63 kB │ gzip:   3.14 kB
../dist/client/assets/material-theme-lighter-B0m2ddpp.js           18.63 kB │ gzip:   3.11 kB
../dist/client/assets/material-theme-palenight-Csfq5Kiy.js         18.64 kB │ gzip:   3.13 kB
../dist/client/assets/gdscript-DTMYz4Jt.js                         18.98 kB │ gzip:   3.74 kB
../dist/client/assets/groovy-gcz8RCvz.js                           19.18 kB │ gzip:   3.60 kB
../dist/client/assets/mdc-DUICxH0z.js                              19.63 kB │ gzip:   6.66 kB
../dist/client/assets/glimmer-js-Rg0-pVw9.js                       20.07 kB │ gzip:   2.95 kB
../dist/client/assets/glimmer-ts-U6CK756n.js                       20.07 kB │ gzip:   2.94 kB
../dist/client/assets/powershell-Dpen1YoG.js                       20.10 kB │ gzip:   4.07 kB
../dist/client/assets/viml-CJc9bBzg.js                             20.37 kB │ gzip:   6.73 kB
../dist/client/assets/nushell-C-sUppwS.js                          20.40 kB │ gzip:   5.18 kB
../dist/client/assets/kanban-definition-3W4ZIXB7-Dxu-3FwA.js       20.60 kB │ gzip:   7.25 kB
../dist/client/assets/snazzy-light-Bw305WKR.js                     20.77 kB │ gzip:   3.83 kB
../dist/client/assets/mindmap-definition-VGOIOE7T-D-947GWd.js      21.04 kB │ gzip:   7.34 kB
../dist/client/assets/vue-CCoi5OLL.js                              21.06 kB │ gzip:   2.69 kB
../dist/client/assets/dracula-BzJJZx-M.js                          21.07 kB │ gzip:   4.00 kB
../dist/client/assets/dracula-soft-BXkSAIEj.js                     21.08 kB │ gzip:   4.04 kB
../dist/client/assets/twig-CO9l9SDP.js                             21.33 kB │ gzip:   3.87 kB
../dist/client/assets/wit-5i3qLPDT.js                              21.47 kB │ gzip:   2.89 kB
../dist/client/assets/rose-pine-BHrmToEH.js                        21.74 kB │ gzip:   3.87 kB
../dist/client/assets/rose-pine-moon-NleAzG8P.js                   21.75 kB │ gzip:   3.89 kB
../dist/client/assets/rose-pine-dawn-CnK8MTSM.js                   21.75 kB │ gzip:   3.89 kB
../dist/client/assets/sankeyDiagram-TZEHDZUN-BrK6RuDU.js           22.23 kB │ gzip:   8.15 kB
../dist/client/assets/nim-CVrawwO9.js                              22.46 kB │ gzip:   3.16 kB
../dist/client/assets/common-lisp-Cg-RD9OK.js                      22.58 kB │ gzip:   6.06 kB
../dist/client/assets/gruvbox-dark-hard-CFHQjOhq.js                22.63 kB │ gzip:   4.18 kB
../dist/client/assets/gruvbox-dark-soft-CVdnzihN.js                22.63 kB │ gzip:   4.17 kB
../dist/client/assets/gruvbox-light-hard-CH1njM8p.js               22.64 kB │ gzip:   4.18 kB
../dist/client/assets/gruvbox-light-soft-hJgmCMqR.js               22.64 kB │ gzip:   4.18 kB
../dist/client/assets/gruvbox-dark-medium-GsRaNv29.js              22.64 kB │ gzip:   4.18 kB
../dist/client/assets/gruvbox-light-medium-DRw_LuNl.js             22.64 kB │ gzip:   4.18 kB
../dist/client/assets/apl-dKokRX4l.js                              22.71 kB │ gzip:   4.20 kB
../dist/client/assets/sql-BLtJtn59.js                              23.41 kB │ gzip:   7.40 kB
../dist/client/assets/journeyDiagram-XKPGCS4Q-CSd42sbn.js          23.55 kB │ gzip:   8.33 kB
../dist/client/assets/typespec-Df68jz8_.js                         23.66 kB │ gzip:   2.56 kB
../dist/client/assets/cadence-Bv_4Rxtq.js                          23.67 kB │ gzip:   3.67 kB
../dist/client/assets/timeline-definition-IT6M3QCI-CoJfsC95.js     23.73 kB │ gzip:   8.29 kB
../dist/client/assets/astro-CbQHKStN.js                            24.01 kB │ gzip:   7.54 kB
../dist/client/assets/templ-W15q3VgB.js                            24.06 kB │ gzip:   5.39 kB
../dist/client/assets/vhdl-CeAyd5Ju.js                             24.26 kB │ gzip:   3.87 kB
../dist/client/assets/angular-html-CU67Zn6k.js                     24.29 kB │ gzip:   4.01 kB
../dist/client/assets/bsl-BO_Y6i37.js                              24.62 kB │ gzip:   8.35 kB
../dist/client/assets/purescript-CklMAg4u.js                       24.63 kB │ gzip:   3.25 kB
../dist/client/assets/gitGraphDiagram-NY62KEGX-OgOIRSrM.js         24.73 kB │ gzip:   7.60 kB
../dist/client/assets/one-light-PoHY5YXO.js                        25.30 kB │ gzip:   3.68 kB
../dist/client/assets/fsharp-CXgrBDvD.js                           25.31 kB │ gzip:   4.13 kB
../dist/client/assets/erDiagram-Q2GNP2WA-BpFcXYTT.js               25.34 kB │ gzip:   8.86 kB
../dist/client/assets/marko-CPi9NSCl.js                            25.44 kB │ gzip:   3.57 kB
../dist/client/assets/razor-WgofotgN.js                            25.56 kB │ gzip:   3.44 kB
../dist/client/assets/julia-C8NyazO9.js                            26.00 kB │ gzip:   4.33 kB
../dist/client/assets/system-verilog-CnnmHF94.js                   26.20 kB │ gzip:   4.85 kB
../dist/client/assets/nord-Ddv68eIx.js                             26.72 kB │ gzip:   4.40 kB
../dist/client/assets/codeql-DsOJ9woJ.js                           26.88 kB │ gzip:   3.79 kB
../dist/client/assets/scss-OYdSNvt2.js                             27.20 kB │ gzip:   4.20 kB
../dist/client/assets/layout-CkLnydIm.js                           27.21 kB │ gzip:   9.68 kB
../dist/client/assets/java-CylS5w8V.js                             27.22 kB │ gzip:   4.26 kB
../dist/client/assets/coffee-Ch7k5sss.js                           27.42 kB │ gzip:   6.35 kB
../dist/client/assets/mermaid-DKYwYmdq.js                          28.50 kB │ gzip:   3.55 kB
../dist/client/assets/scala-C151Ov-r.js                            28.88 kB │ gzip:   3.94 kB
../dist/client/assets/night-owl-C39BiMTA.js                        28.91 kB │ gzip:   5.16 kB
../dist/client/assets/crystal-tKQVLTB8.js                          29.39 kB │ gzip:   4.44 kB
../dist/client/assets/applescript-Co6uUVPk.js                      29.54 kB │ gzip:   5.93 kB
../dist/client/assets/requirementDiagram-UZGBJVZJ-X2csCxPi.js      30.26 kB │ gzip:   9.49 kB
../dist/client/assets/stylus-BEDo0Tqx.js                           31.07 kB │ gzip:   7.99 kB
../dist/client/assets/poimandres-CS3Unz2-.js                       33.49 kB │ gzip:   5.50 kB
../dist/client/assets/one-dark-pro-DVMEJ2y_.js                     33.79 kB │ gzip:   5.52 kB
../dist/client/assets/quadrantDiagram-AYHSOK5B-C3HB3q8T.js         34.32 kB │ gzip:  10.11 kB
../dist/client/assets/haxe-CzTSHFRz.js                             35.16 kB │ gzip:   5.91 kB
../dist/client/assets/nginx-DknmC5AR.js                            35.37 kB │ gzip:   4.43 kB
../dist/client/assets/houston-DnULxvSX.js                          35.42 kB │ gzip:   5.78 kB
../dist/client/assets/tokyo-night-hegEt444.js                      35.67 kB │ gzip:   6.24 kB
../dist/client/assets/chunk-DI55MBZ5-B4s2bGGW.js                   36.78 kB │ gzip:  11.98 kB
../dist/client/assets/erlang-DsQrWhSR.js                           37.48 kB │ gzip:   4.40 kB
../dist/client/assets/cobol-nwyudZeR.js                            39.15 kB │ gzip:  10.87 kB
../dist/client/assets/xychartDiagram-PRI3JC2R-Co1pRbK7.js          40.21 kB │ gzip:  11.45 kB
../dist/client/assets/asm-D_Q5rh1f.js                              40.72 kB │ gzip:   8.21 kB
../dist/client/assets/haskell-Df6bDoY_.js                          41.43 kB │ gzip:   6.44 kB
../dist/client/assets/shellscript-Yzrsuije.js                      41.48 kB │ gzip:   6.09 kB
../dist/client/assets/perl-C0TMdlhV.js                             43.16 kB │ gzip:   4.67 kB
../dist/client/assets/d-85-TOEBH.js                                43.80 kB │ gzip:   8.47 kB
../dist/client/assets/chunk-B4BG7PRW-CLMWzJKD.js                   45.41 kB │ gzip:  14.73 kB
../dist/client/assets/ruby-BvKwtOVI.js                             45.91 kB │ gzip:   5.68 kB
../dist/client/assets/apex-C7Pw0Ztw.js                             46.12 kB │ gzip:   6.68 kB
../dist/client/assets/go-Dn2_MT6a.js                               46.78 kB │ gzip:   5.18 kB
../dist/client/assets/catppuccin-mocha-D87Tk5Gz.js                 47.26 kB │ gzip:   8.00 kB
../dist/client/assets/catppuccin-latte-C9dUb6Cb.js                 47.26 kB │ gzip:   8.00 kB
../dist/client/assets/catppuccin-frappe-DFWUc33u.js                47.26 kB │ gzip:   8.02 kB
../dist/client/assets/catppuccin-macchiato-DQyhUUbL.js             47.26 kB │ gzip:   8.01 kB
../dist/client/assets/ada-bCR0ucgS.js                              48.08 kB │ gzip:   6.03 kB
../dist/client/assets/css-DPfMkruS.js                              49.02 kB │ gzip:  11.85 kB
../dist/client/assets/imba-DGztddWO.js                             49.93 kB │ gzip:   9.46 kB
../dist/client/assets/everforest-dark-BgDCqdQA.js                  53.75 kB │ gzip:   8.42 kB
../dist/client/assets/everforest-light-C8M2exoo.js                 53.75 kB │ gzip:   8.42 kB
../dist/client/assets/r-DiinP2Uv.js                                55.81 kB │ gzip:  15.13 kB
../dist/client/assets/wikitext-BhOHFoWU.js                         55.89 kB │ gzip:   4.76 kB
../dist/client/assets/stata-BH5u7GGu.js                            56.99 kB │ gzip:  12.36 kB
../dist/client/assets/html-GMplVEZG.js                             57.03 kB │ gzip:  11.69 kB
../dist/client/assets/ballerina-BFfxhgS-.js                        58.69 kB │ gzip:   8.15 kB
../dist/client/assets/markdown-Cvjx9yec.js                         59.34 kB │ gzip:   5.64 kB
../dist/client/assets/flowDiagram-NV44I4VS-Sl9vCjzo.js             61.10 kB │ gzip:  19.58 kB
../dist/client/assets/ocaml-C0hk2d4L.js                            62.45 kB │ gzip:   5.02 kB
../dist/client/assets/ganttDiagram-LVOFAZNH-D2E5GZt3.js            62.58 kB │ gzip:  21.25 kB
../dist/client/assets/mojo-1DNp92w6.js                             69.29 kB │ gzip:   9.18 kB
../dist/client/assets/python-B6aJPvgy.js                           69.95 kB │ gzip:   9.13 kB
../dist/client/assets/c4Diagram-YG6GDRKO-BGp8GeG3.js               70.14 kB │ gzip:  19.69 kB
../dist/client/assets/c-BIGW1oBm.js                                72.11 kB │ gzip:  10.51 kB
../dist/client/assets/latex-BUKiar2Z.js                            72.19 kB │ gzip:   6.62 kB
../dist/client/assets/blockDiagram-VD42YOAC-DWELxmqN.js            73.15 kB │ gzip:  20.82 kB
../dist/client/assets/vyper-CDx5xZoG.js                            74.65 kB │ gzip:  10.74 kB
../dist/client/assets/hack-CaT9iCJl.js                             80.21 kB │ gzip:  26.21 kB
../dist/client/assets/cose-bilkent-S5V4N54A-CO5sMlqq.js            81.55 kB │ gzip:  22.44 kB
../dist/client/assets/csharp-CX12Zw3r.js                           85.62 kB │ gzip:  10.20 kB
../dist/client/assets/swift-Dg5xB15N.js                            85.76 kB │ gzip:  14.70 kB
../dist/client/assets/fortran-free-form-D22FLkUw.js                87.15 kB │ gzip:  10.92 kB
../dist/client/assets/racket-BqYA7rlc.js                           92.38 kB │ gzip:  15.02 kB
../dist/client/assets/less-B1dDrJ26.js                             97.07 kB │ gzip:  14.70 kB
../dist/client/assets/sequenceDiagram-WL72ISMW-CF8uVkdX.js         98.11 kB │ gzip:  26.95 kB
../dist/client/assets/blade-DVc8C-J4.js                           103.67 kB │ gzip:  28.14 kB
../dist/client/assets/objective-c-DXmwc3jG.js                     105.41 kB │ gzip:  23.33 kB
../dist/client/assets/php-CDn_0X-4.js                             111.00 kB │ gzip:  28.52 kB
../dist/client/assets/asciidoc-Dv7Oe6Be.js                        131.51 kB │ gzip:   9.34 kB
../dist/client/assets/mdx-Cmh6b_Ma.js                             136.11 kB │ gzip:  23.35 kB
../dist/client/assets/architectureDiagram-VXUJARFQ-CJbD5iMb.js    148.75 kB │ gzip:  42.17 kB
../dist/client/assets/objective-cpp-CLxacb5B.js                   171.97 kB │ gzip:  30.62 kB
../dist/client/assets/javascript-wDzz0qaB.js                      174.83 kB │ gzip:  16.51 kB
../dist/client/assets/tsx-COt5Ahok.js                             175.54 kB │ gzip:  16.51 kB
../dist/client/assets/jsx-g9-lgVsj.js                             177.79 kB │ gzip:  16.61 kB
../dist/client/assets/typescript-BPQ3VLAy.js                      181.08 kB │ gzip:  16.04 kB
../dist/client/assets/angular-ts-BwZT4LLn.js                      183.82 kB │ gzip:  16.63 kB
../dist/client/assets/vue-vine-_Ih-lPRR.js                        190.22 kB │ gzip:  18.07 kB
../dist/client/assets/wolfram-lXgVvXCa.js                         262.39 kB │ gzip:  77.14 kB
../dist/client/assets/treemap-KMMF4GRG-BcEiioGd.js                330.16 kB │ gzip:  80.54 kB
../dist/client/assets/cytoscape.esm-CyJtwmzi.js                   442.41 kB │ gzip: 141.90 kB
../dist/client/assets/mermaid.core-MWQuwZPJ.js                    457.30 kB │ gzip: 127.24 kB
../dist/client/assets/wasm-CG6Dc4jp.js                            622.34 kB │ gzip: 230.29 kB
../dist/client/assets/cpp-CofmeUqb.js                             626.08 kB │ gzip:  44.82 kB
../dist/client/assets/emacs-lisp-C9XAeP06.js                      779.85 kB │ gzip: 196.03 kB
../dist/client/assets/main-BehR8ZhA.js                          1,398.16 kB │ gzip: 426.63 kB

(!) Some chunks are larger than 500 kB after minification. Consider:
- Using dynamic import() to code-split the application
- Use build.rollupOptions.output.manualChunks to improve chunking: https://rollupjs.org/configuration-options/#output-manualchunks
- Adjust chunk size limit for this warning via build.chunkSizeWarningLimit.
✓ built in 15.00s

  dist/index.js  201.2kb

⚡ Done in 35ms
